errores y cosas que no funcionan:
1 - configuracion->mercado pago no funciona
2 - configuracion->precios->nuevo precio no funciona, no hace nada;
3 - configuracion-> IA no funciona, da error;
4 - configuracion-> empresa no aparecen los datos
5 - los mensajes al modelo de ia no funcionan:
    XHRPOST
    http://localhost:5173/api/v1/ai/chat
    [HTTP/1.1 500 Internal Server Error 304ms]

    [API] Response error: 500 No se pudo conectar con el servicio de IA
6 - en la seccion pagos, en nuevo pago(la seccion deberia llamarse cobro, nuevo cobro porque los clientes le estan pagando al usuario, no al reves, creo no?) lo items que podemos agregar son los insumos que tenemos en la base de datos, osea que tienq ue haber autocompletado cuando comenzamos a colocar el nombre del item, y cuando colocamos la cantidad de unidade, se calcula el total de ese producto, y al finalizar se calcula el total de todo lo vendido

7 - estos cobros puede hacerse a clientes ocacionales, que o estan en la base de datos, estos cliente ocacionales requiren un boton "+" y solo se encesita su nombre, dni o cuilt, telefono, con eso es suficiente para crear la documentacion contable

8 - la tabla de pagos y deudas no tiene ni editar, ni eliminar(ver backend)

9 - esto es imporante, en la seccion consulta, tu pones todo junto prescripcion y medicamento, y no es tan asi, veras, las prescripcion se forma cuando el verterinario dice que medicamento se debe consumir, cada cuando tiempo, y por cual duracion, es parte del tratamiento, los insumos que ocupe o que vende como el mediante es la parte contable, no la parte medica, en el formulario actual, la prescipcion se mescla con lo insumos, debemos mejorar esa experiencia de usuario, y deben generar 2 documentos, la prescipcion medica, y la factura de lo insumos que se ocuparon y se van a cobrar, al igual que en nuevo pago, el insumos se debe poder buscar de base de datos

10 - en cuanto a los procedimientos, estos estaran tasados en el campo precios de la configuracion(pero recuerda que la configuracion no funciona), si no hay estan tasadaos se ponen manualmente, pero siempre la prioridad es que esten definidos en la configuracion

11 - por ultimo en cuanto a la mascota de la consulta, puede no ser de ningun cliente, puede ser una mascota callejera sin dueño, o varias ,mascotas se pueden llamar iguales, pero de distinto dueño, asi que cuando buscamos una mascota, debemos mostrar su dueño

12 - recuerda que tanto en la ficha de creacion de mascota como en la consulta se deben poder agregar fotos de esa mascota, y se subira al lugar que corresponda siempre con relacion veterinaria/dueño, si no hay dueño solo veterinaria.

13 - no mas de 5 fotos por animal, por consulta

14, en la seccion clientes, debemos poder ver en la ficha del cliente, las mascostas que tiene cargada y la ultima consulta; en la seccion mascostas, debemos ver ademas de los datos, las fotos que subimos si es que hay


presta especial atencion a la configuracion de mercado pago, porque esta conectada con las forma de pago electronico, no se puede generar pago o cobro, si se elige mercado pago, ya se qr o transferencia y no esta conectada o vinculada la cuenta en configuracion

- aclaracion importante, probablemente en .env del root veras datos de cliente id y secretid de mercado pago, estos pertenecen al desarrollador y se usan cuando el usuario paga la subscripcion de la app(tambien debes revisar este flujo y ver si funcion), que no tiene nada que ver con las forma de pago qr o transferencia que el veterinario le ofrece a sus cliente, ya sea por consulta(automatico) o mediante la creacion de una factura manual(nuevo pago/cobro)


Si tienes dudas, no inventes, pregunta

si entendiste todo los flujos y los que debes hacer crea un plan de trabajo para solucionar todo los problemas y efectuar todos los cambios, pudiendo dividir en tareas. 

Restricción. No puede usar git.